[INFO] Scanning for projects...
[INFO] 
[INFO] ----------------------< com.employee:management >-----------------------
[INFO] Building Employee Management System 0.0.1-SNAPSHOT
[INFO]   from pom.xml
[INFO] --------------------------------[ jar ]---------------------------------
[INFO] 
[INFO] --- clean:3.3.2:clean (default-clean) @ management ---
[INFO] Deleting D:\employee\backend\target
[INFO] 
[INFO] --- resources:3.3.1:resources (default-resources) @ management ---
[INFO] Copying 1 resource from src\main\resources to target\classes
[INFO] Copying 0 resource from src\main\resources to target\classes
[INFO] 
[INFO] --- compiler:3.11.0:compile (default-compile) @ management ---
[INFO] Changes detected - recompiling the module! :source
[INFO] Compiling 35 source files with javac [debug release 21] to target\classes
[INFO] Annotation processing is enabled because one or more processors were found
  on the class path. A future release of javac may disable annotation processing
  unless at least one processor is specified by name (-processor), or a search
  path is specified (--processor-path, --processor-module-path), or annotation
  processing is enabled explicitly (-proc:only, -proc:full).
  Use -Xlint:-options to suppress this message.
  Use -proc:none to disable annotation processing.
[INFO] -------------------------------------------------------------
[ERROR] COMPILATION ERROR : 
[INFO] -------------------------------------------------------------
[ERROR] /D:/employee/backend/src/main/java/com/employee/management/dto/LeaveResponse.java:[2,1] class, interface, enum, or record expected
[ERROR] /D:/employee/backend/src/main/java/com/employee/management/dto/LeaveResponse.java:[5,1] class, interface, enum, or record expected
[ERROR] /D:/employee/backend/src/main/java/com/employee/management/dto/LeaveResponse.java:[7,1] class, interface, enum, or record expected
[ERROR] /D:/employee/backend/src/main/java/com/employee/management/dto/LeaveResponse.java:[8,1] class, interface, enum, or record expected
[ERROR] /D:/employee/backend/src/main/java/com/employee/management/dto/LeaveResponse.java:[9,1] class, interface, enum, or record expected
[ERROR] /D:/employee/backend/src/main/java/com/employee/management/dto/LeaveResponse.java:[10,1] class, interface, enum, or record expected
[ERROR] /D:/employee/backend/src/main/java/com/employee/management/dto/LeaveResponse.java:[11,1] class, interface, enum, or record expected
[ERROR] /D:/employee/backend/src/main/java/com/employee/management/dto/LeaveResponse.java:[13,1] class, interface, enum, or record expected
[ERROR] /D:/employee/backend/src/main/java/com/employee/management/dto/LeaveResponse.java:[16,1] class, interface, enum, or record expected
[ERROR] /D:/employee/backend/src/main/java/com/employee/management/dto/LeaveResponse.java:[21,1] class, interface, enum, or record expected
[ERROR] /D:/employee/backend/src/main/java/com/employee/management/dto/LeaveResponse.java:[29,1] illegal start of type
[ERROR] /D:/employee/backend/src/main/java/com/employee/management/dto/LeaveResponse.java:[29,13] > expected
[ERROR] /D:/employee/backend/src/main/java/com/employee/management/dto/LeaveResponse.java:[30,5] illegal start of type
[ERROR] /D:/employee/backend/src/main/java/com/employee/management/dto/LeaveResponse.java:[34,1] illegal start of type
[ERROR] /D:/employee/backend/src/main/java/com/employee/management/dto/LeaveResponse.java:[39,1] illegal start of type
[ERROR] /D:/employee/backend/src/main/java/com/employee/management/dto/LeaveResponse.java:[39,11] invalid method declaration; return type required
[ERROR] /D:/employee/backend/src/main/java/com/employee/management/dto/LeaveResponse.java:[39,32] ',', ')', or '[' expected
[ERROR] /D:/employee/backend/src/main/java/com/employee/management/service/LeaveService.java:[35,1] illegal start of expression
[ERROR] /D:/employee/backend/src/main/java/com/employee/management/service/LeaveService.java:[35,3] illegal start of expression
[ERROR] /D:/employee/backend/src/main/java/com/employee/management/service/LeaveService.java:[35,5] illegal start of expression
[ERROR] /D:/employee/backend/src/main/java/com/employee/management/service/LeaveService.java:[36,9] > or ',' expected
[ERROR] /D:/employee/backend/src/main/java/com/employee/management/service/LeaveService.java:[37,3] illegal start of expression
[ERROR] /D:/employee/backend/src/main/java/com/employee/management/service/LeaveService.java:[37,5] illegal start of expression
[ERROR] /D:/employee/backend/src/main/java/com/employee/management/service/LeaveService.java:[37,7] illegal start of expression
[ERROR] /D:/employee/backend/src/main/java/com/employee/management/service/LeaveService.java:[38,9] illegal start of expression
[ERROR] /D:/employee/backend/src/main/java/com/employee/management/service/LeaveService.java:[40,4] illegal start of expression
[ERROR] /D:/employee/backend/src/main/java/com/employee/management/service/LeaveService.java:[40,7] illegal start of expression
[ERROR] /D:/employee/backend/src/main/java/com/employee/management/service/LeaveService.java:[40,11] ';' expected
[ERROR] /D:/employee/backend/src/main/java/com/employee/management/service/LeaveService.java:[40,27] ')' or ',' expected
[ERROR] /D:/employee/backend/src/main/java/com/employee/management/service/LeaveService.java:[40,36] ';' expected
[ERROR] /D:/employee/backend/src/main/java/com/employee/management/service/LeaveService.java:[40,37] not a statement
[ERROR] /D:/employee/backend/src/main/java/com/employee/management/service/LeaveService.java:[40,47] ';' expected
[ERROR] /D:/employee/backend/src/main/java/com/employee/management/service/LeaveService.java:[46,1] illegal start of expression
[ERROR] /D:/employee/backend/src/main/java/com/employee/management/service/LeaveService.java:[46,3] illegal start of expression
[ERROR] /D:/employee/backend/src/main/java/com/employee/management/service/LeaveService.java:[46,5] illegal start of expression
[ERROR] /D:/employee/backend/src/main/java/com/employee/management/service/LeaveService.java:[47,9] > or ',' expected
[ERROR] /D:/employee/backend/src/main/java/com/employee/management/service/LeaveService.java:[48,3] illegal start of expression
[ERROR] /D:/employee/backend/src/main/java/com/employee/management/service/LeaveService.java:[48,5] illegal start of expression
[ERROR] /D:/employee/backend/src/main/java/com/employee/management/service/LeaveService.java:[48,7] illegal start of expression
[ERROR] /D:/employee/backend/src/main/java/com/employee/management/service/LeaveService.java:[49,9] illegal start of expression
[ERROR] /D:/employee/backend/src/main/java/com/employee/management/service/LeaveService.java:[51,4] illegal start of expression
[ERROR] /D:/employee/backend/src/main/java/com/employee/management/service/LeaveService.java:[51,7] illegal start of expression
[ERROR] /D:/employee/backend/src/main/java/com/employee/management/service/LeaveService.java:[51,11] ';' expected
[ERROR] /D:/employee/backend/src/main/java/com/employee/management/service/LeaveService.java:[51,27] ')' or ',' expected
[ERROR] /D:/employee/backend/src/main/java/com/employee/management/service/LeaveService.java:[51,36] ';' expected
[ERROR] /D:/employee/backend/src/main/java/com/employee/management/service/LeaveService.java:[51,37] not a statement
[ERROR] /D:/employee/backend/src/main/java/com/employee/management/service/LeaveService.java:[51,47] ';' expected
[ERROR] /D:/employee/backend/src/main/java/com/employee/management/service/LeaveService.java:[57,1] illegal start of expression
[ERROR] /D:/employee/backend/src/main/java/com/employee/management/service/LeaveService.java:[57,3] illegal start of expression
[ERROR] /D:/employee/backend/src/main/java/com/employee/management/service/LeaveService.java:[57,5] illegal start of expression
[ERROR] /D:/employee/backend/src/main/java/com/employee/management/service/LeaveService.java:[58,9] > or ',' expected
[ERROR] /D:/employee/backend/src/main/java/com/employee/management/service/LeaveService.java:[61,1] illegal start of expression
[ERROR] /D:/employee/backend/src/main/java/com/employee/management/service/LeaveService.java:[61,3] illegal start of expression
[ERROR] /D:/employee/backend/src/main/java/com/employee/management/service/LeaveService.java:[61,5] illegal start of expression
[ERROR] /D:/employee/backend/src/main/java/com/employee/management/service/LeaveService.java:[61,7] illegal start of expression
[ERROR] /D:/employee/backend/src/main/java/com/employee/management/service/LeaveService.java:[62,9] illegal start of expression
[ERROR] /D:/employee/backend/src/main/java/com/employee/management/service/LeaveService.java:[85,1] illegal start of expression
[ERROR] /D:/employee/backend/src/main/java/com/employee/management/service/LeaveService.java:[85,4] illegal start of expression
[ERROR] /D:/employee/backend/src/main/java/com/employee/management/service/LeaveService.java:[85,7] illegal start of expression
[ERROR] /D:/employee/backend/src/main/java/com/employee/management/service/LeaveService.java:[85,11] ';' expected
[ERROR] /D:/employee/backend/src/main/java/com/employee/management/service/LeaveService.java:[85,27] ')' or ',' expected
[ERROR] /D:/employee/backend/src/main/java/com/employee/management/service/LeaveService.java:[85,36] ';' expected
[ERROR] /D:/employee/backend/src/main/java/com/employee/management/service/LeaveService.java:[85,37] not a statement
[ERROR] /D:/employee/backend/src/main/java/com/employee/management/service/LeaveService.java:[85,47] ';' expected
[INFO] 64 errors 
[INFO] -------------------------------------------------------------
[INFO] ------------------------------------------------------------------------
[INFO] BUILD FAILURE
[INFO] ------------------------------------------------------------------------
[INFO] Total time:  3.201 s
[INFO] Finished at: 2026-03-25T23:07:30+05:30
[INFO] ------------------------------------------------------------------------
[ERROR] Failed to execute goal org.apache.maven.plugins:maven-compiler-plugin:3.11.0:compile (default-compile) on project management: Compilation failure: Compilation failure: 
[ERROR] /D:/employee/backend/src/main/java/com/employee/management/dto/LeaveResponse.java:[2,1] class, interface, enum, or record expected
[ERROR] /D:/employee/backend/src/main/java/com/employee/management/dto/LeaveResponse.java:[5,1] class, interface, enum, or record expected
[ERROR] /D:/employee/backend/src/main/java/com/employee/management/dto/LeaveResponse.java:[7,1] class, interface, enum, or record expected
[ERROR] /D:/employee/backend/src/main/java/com/employee/management/dto/LeaveResponse.java:[8,1] class, interface, enum, or record expected
[ERROR] /D:/employee/backend/src/main/java/com/employee/management/dto/LeaveResponse.java:[9,1] class, interface, enum, or record expected
[ERROR] /D:/employee/backend/src/main/java/com/employee/management/dto/LeaveResponse.java:[10,1] class, interface, enum, or record expected
[ERROR] /D:/employee/backend/src/main/java/com/employee/management/dto/LeaveResponse.java:[11,1] class, interface, enum, or record expected
[ERROR] /D:/employee/backend/src/main/java/com/employee/management/dto/LeaveResponse.java:[13,1] class, interface, enum, or record expected
[ERROR] /D:/employee/backend/src/main/java/com/employee/management/dto/LeaveResponse.java:[16,1] class, interface, enum, or record expected
[ERROR] /D:/employee/backend/src/main/java/com/employee/management/dto/LeaveResponse.java:[21,1] class, interface, enum, or record expected
[ERROR] /D:/employee/backend/src/main/java/com/employee/management/dto/LeaveResponse.java:[29,1] illegal start of type
[ERROR] /D:/employee/backend/src/main/java/com/employee/management/dto/LeaveResponse.java:[29,13] > expected
[ERROR] /D:/employee/backend/src/main/java/com/employee/management/dto/LeaveResponse.java:[30,5] illegal start of type
[ERROR] /D:/employee/backend/src/main/java/com/employee/management/dto/LeaveResponse.java:[34,1] illegal start of type
[ERROR] /D:/employee/backend/src/main/java/com/employee/management/dto/LeaveResponse.java:[39,1] illegal start of type
[ERROR] /D:/employee/backend/src/main/java/com/employee/management/dto/LeaveResponse.java:[39,11] invalid method declaration; return type required
[ERROR] /D:/employee/backend/src/main/java/com/employee/management/dto/LeaveResponse.java:[39,32] ',', ')', or '[' expected
[ERROR] /D:/employee/backend/src/main/java/com/employee/management/service/LeaveService.java:[35,1] illegal start of expression
[ERROR] /D:/employee/backend/src/main/java/com/employee/management/service/LeaveService.java:[35,3] illegal start of expression
[ERROR] /D:/employee/backend/src/main/java/com/employee/management/service/LeaveService.java:[35,5] illegal start of expression
[ERROR] /D:/employee/backend/src/main/java/com/employee/management/service/LeaveService.java:[36,9] > or ',' expected
[ERROR] /D:/employee/backend/src/main/java/com/employee/management/service/LeaveService.java:[37,3] illegal start of expression
[ERROR] /D:/employee/backend/src/main/java/com/employee/management/service/LeaveService.java:[37,5] illegal start of expression
[ERROR] /D:/employee/backend/src/main/java/com/employee/management/service/LeaveService.java:[37,7] illegal start of expression
[ERROR] /D:/employee/backend/src/main/java/com/employee/management/service/LeaveService.java:[38,9] illegal start of expression
[ERROR] /D:/employee/backend/src/main/java/com/employee/management/service/LeaveService.java:[40,4] illegal start of expression
[ERROR] /D:/employee/backend/src/main/java/com/employee/management/service/LeaveService.java:[40,7] illegal start of expression
[ERROR] /D:/employee/backend/src/main/java/com/employee/management/service/LeaveService.java:[40,11] ';' expected
[ERROR] /D:/employee/backend/src/main/java/com/employee/management/service/LeaveService.java:[40,27] ')' or ',' expected
[ERROR] /D:/employee/backend/src/main/java/com/employee/management/service/LeaveService.java:[40,36] ';' expected
[ERROR] /D:/employee/backend/src/main/java/com/employee/management/service/LeaveService.java:[40,37] not a statement
[ERROR] /D:/employee/backend/src/main/java/com/employee/management/service/LeaveService.java:[40,47] ';' expected
[ERROR] /D:/employee/backend/src/main/java/com/employee/management/service/LeaveService.java:[46,1] illegal start of expression
[ERROR] /D:/employee/backend/src/main/java/com/employee/management/service/LeaveService.java:[46,3] illegal start of expression
[ERROR] /D:/employee/backend/src/main/java/com/employee/management/service/LeaveService.java:[46,5] illegal start of expression
[ERROR] /D:/employee/backend/src/main/java/com/employee/management/service/LeaveService.java:[47,9] > or ',' expected
[ERROR] /D:/employee/backend/src/main/java/com/employee/management/service/LeaveService.java:[48,3] illegal start of expression
[ERROR] /D:/employee/backend/src/main/java/com/employee/management/service/LeaveService.java:[48,5] illegal start of expression
[ERROR] /D:/employee/backend/src/main/java/com/employee/management/service/LeaveService.java:[48,7] illegal start of expression
[ERROR] /D:/employee/backend/src/main/java/com/employee/management/service/LeaveService.java:[49,9] illegal start of expression
[ERROR] /D:/employee/backend/src/main/java/com/employee/management/service/LeaveService.java:[51,4] illegal start of expression
[ERROR] /D:/employee/backend/src/main/java/com/employee/management/service/LeaveService.java:[51,7] illegal start of expression
[ERROR] /D:/employee/backend/src/main/java/com/employee/management/service/LeaveService.java:[51,11] ';' expected
[ERROR] /D:/employee/backend/src/main/java/com/employee/management/service/LeaveService.java:[51,27] ')' or ',' expected
[ERROR] /D:/employee/backend/src/main/java/com/employee/management/service/LeaveService.java:[51,36] ';' expected
[ERROR] /D:/employee/backend/src/main/java/com/employee/management/service/LeaveService.java:[51,37] not a statement
[ERROR] /D:/employee/backend/src/main/java/com/employee/management/service/LeaveService.java:[51,47] ';' expected
[ERROR] /D:/employee/backend/src/main/java/com/employee/management/service/LeaveService.java:[57,1] illegal start of expression
[ERROR] /D:/employee/backend/src/main/java/com/employee/management/service/LeaveService.java:[57,3] illegal start of expression
[ERROR] /D:/employee/backend/src/main/java/com/employee/management/service/LeaveService.java:[57,5] illegal start of expression
[ERROR] /D:/employee/backend/src/main/java/com/employee/management/service/LeaveService.java:[58,9] > or ',' expected
[ERROR] /D:/employee/backend/src/main/java/com/employee/management/service/LeaveService.java:[61,1] illegal start of expression
[ERROR] /D:/employee/backend/src/main/java/com/employee/management/service/LeaveService.java:[61,3] illegal start of expression
[ERROR] /D:/employee/backend/src/main/java/com/employee/management/service/LeaveService.java:[61,5] illegal start of expression
[ERROR] /D:/employee/backend/src/main/java/com/employee/management/service/LeaveService.java:[61,7] illegal start of expression
[ERROR] /D:/employee/backend/src/main/java/com/employee/management/service/LeaveService.java:[62,9] illegal start of expression
[ERROR] /D:/employee/backend/src/main/java/com/employee/management/service/LeaveService.java:[85,1] illegal start of expression
[ERROR] /D:/employee/backend/src/main/java/com/employee/management/service/LeaveService.java:[85,4] illegal start of expression
[ERROR] /D:/employee/backend/src/main/java/com/employee/management/service/LeaveService.java:[85,7] illegal start of expression
[ERROR] /D:/employee/backend/src/main/java/com/employee/management/service/LeaveService.java:[85,11] ';' expected
[ERROR] /D:/employee/backend/src/main/java/com/employee/management/service/LeaveService.java:[85,27] ')' or ',' expected
[ERROR] /D:/employee/backend/src/main/java/com/employee/management/service/LeaveService.java:[85,36] ';' expected
[ERROR] /D:/employee/backend/src/main/java/com/employee/management/service/LeaveService.java:[85,37] not a statement
[ERROR] /D:/employee/backend/src/main/java/com/employee/management/service/LeaveService.java:[85,47] ';' expected
[ERROR] -> [Help 1]
[ERROR] 
[ERROR] To see the full stack trace of the errors, re-run Maven with the -e switch.
[ERROR] Re-run Maven using the -X switch to enable full debug logging.
[ERROR] 
[ERROR] For more information about the errors and possible solutions, please read the following articles:
[ERROR] [Help 1] http://cwiki.apache.org/confluence/display/MAVEN/MojoFailureException
